// Jest Snapshot v1, https://goo.gl/fbAQLP

exports[`PokemonCard component renders Pokemon abilities 1`] = `[Function]`;
