// Jest Snapshot v1, https://goo.gl/fbAQLP

exports[`Footer Component renders the social media icons 1`] = `[Function]`;
